yarn run v1.22.19
$ react-scripts start
(node:3032) [DEP0148] DeprecationWarning: Use of deprecated folder mapping "./" in the "exports" field module resolution of the package at /repos/muckraker/frontend/node_modules/postcss-safe-parser/node_modules/postcss/package.json.
Update this package.json to use a subpath pattern like "./*".
(Use `node --trace-deprecation ...` to show where the warning was created)
[34mâ„¹[39m [90mï½¢wdsï½£[39m: Project is running at http://192.168.50.111/
[34mâ„¹[39m [90mï½¢wdsï½£[39m: webpack output is served from 
[34mâ„¹[39m [90mï½¢wdsï½£[39m: Content not from webpack is served from /repos/muckraker/frontend/public
[34mâ„¹[39m [90mï½¢wdsï½£[39m: 404s will fallback to /
Starting the development server...

Compiled with warnings.

src/App.js
  Line 1:8:  'logo' is defined but never used  no-unused-vars

src/components/Homepage.js
  Line 42:16:  The object literal notation {} is preferrable                                                                          no-new-object
  Line 60:6:   React Hook useEffect has a missing dependency: 'getDataFromBackend'. Either include it or remove the dependency array  react-hooks/exhaustive-deps

src/components/LookupModule.js
  Line 111:5:   React Hook useEffect has a missing dependency: 'setStatesAfterDataHasLoaded'. Either include it or remove the dependency array  react-hooks/exhaustive-deps
  Line 130:34:  img elements must have an alt prop, either with meaningful text, or an empty string for decorative images                       jsx-a11y/alt-text

src/components/Spacer.js
  Line 6:7:   'drawerWidth' is assigned a value but never used  no-unused-vars
  Line 26:9:  'theme' is assigned a value but never used        no-unused-vars

src/components/TabMenu.js
  Line 1:17:   'useState' is defined but never used                  no-unused-vars
  Line 76:10:  'senators' is assigned a value but never used         no-unused-vars
  Line 77:10:  'representatives' is assigned a value but never used  no-unused-vars
  Line 78:10:  'senateVotes' is assigned a value but never used      no-unused-vars
  Line 79:10:  'houseVotes' is assigned a value but never used       no-unused-vars

src/components/VoteSearchBar.js
  Line 1:17:  'useState' is defined but never used  no-unused-vars

src/components/VoteSummary.js
  Line 33:21:  The object literal notation {} is preferrable  no-new-object
  Line 56:17:  The array literal notation [] is preferable    no-array-constructor

src/data/prepare_data.js
  Line 46:21:   The array literal notation [] is preferable    no-array-constructor
  Line 47:28:   The object literal notation {} is preferrable  no-new-object
  Line 50:25:   The object literal notation {} is preferrable  no-new-object
  Line 69:21:   The array literal notation [] is preferable    no-array-constructor
  Line 70:28:   The object literal notation {} is preferrable  no-new-object
  Line 73:25:   The object literal notation {} is preferrable  no-new-object
  Line 95:26:   The object literal notation {} is preferrable  no-new-object
  Line 157:17:  The object literal notation {} is preferrable  no-new-object
  Line 191:31:  The array literal notation [] is preferable    no-array-constructor
  Line 206:19:  The array literal notation [] is preferable    no-array-constructor

Search for the keywords to learn more about each warning.
To ignore, add // eslint-disable-next-line to the line before.

Compiling...
Compiled successfully!
yarn run v1.22.19
$ react-scripts start
(node:3122) [DEP0148] DeprecationWarning: Use of deprecated folder mapping "./" in the "exports" field module resolution of the package at /repos/muckraker/frontend/node_modules/postcss-safe-parser/node_modules/postcss/package.json.
Update this package.json to use a subpath pattern like "./*".
(Use `node --trace-deprecation ...` to show where the warning was created)
Something is already running on port 3000.
Done in 2.32s.
yarn run v1.22.19
$ react-scripts start
(node:3169) [DEP0148] DeprecationWarning: Use of deprecated folder mapping "./" in the "exports" field module resolution of the package at /repos/muckraker/frontend/node_modules/postcss-safe-parser/node_modules/postcss/package.json.
Update this package.json to use a subpath pattern like "./*".
(Use `node --trace-deprecation ...` to show where the warning was created)
[34mâ„¹[39m [90mï½¢wdsï½£[39m: Project is running at http://192.168.50.111/
[34mâ„¹[39m [90mï½¢wdsï½£[39m: webpack output is served from 
[34mâ„¹[39m [90mï½¢wdsï½£[39m: Content not from webpack is served from /repos/muckraker/frontend/public
[34mâ„¹[39m [90mï½¢wdsï½£[39m: 404s will fallback to /
Starting the development server...

Compiled with warnings.

src/App.js
  Line 1:8:  'logo' is defined but never used  no-unused-vars

src/components/LookupModule.js
  Line 111:5:   React Hook useEffect has a missing dependency: 'setStatesAfterDataHasLoaded'. Either include it or remove the dependency array  react-hooks/exhaustive-deps
  Line 130:34:  img elements must have an alt prop, either with meaningful text, or an empty string for decorative images                       jsx-a11y/alt-text

src/components/Spacer.js
  Line 6:7:   'drawerWidth' is assigned a value but never used  no-unused-vars
  Line 26:9:  'theme' is assigned a value but never used        no-unused-vars

src/components/TabMenu.js
  Line 1:17:   'useState' is defined but never used                  no-unused-vars
  Line 76:10:  'senators' is assigned a value but never used         no-unused-vars
  Line 77:10:  'representatives' is assigned a value but never used  no-unused-vars
  Line 78:10:  'senateVotes' is assigned a value but never used      no-unused-vars
  Line 79:10:  'houseVotes' is assigned a value but never used       no-unused-vars

src/components/VoteSearchBar.js
  Line 1:17:  'useState' is defined but never used  no-unused-vars

src/components/VoteSummary.js
  Line 33:21:  The object literal notation {} is preferrable  no-new-object
  Line 56:17:  The array literal notation [] is preferable    no-array-constructor

src/data/prepare_data.js
  Line 46:21:   The array literal notation [] is preferable    no-array-constructor
  Line 47:28:   The object literal notation {} is preferrable  no-new-object
  Line 50:25:   The object literal notation {} is preferrable  no-new-object
  Line 69:21:   The array literal notation [] is preferable    no-array-constructor
  Line 70:28:   The object literal notation {} is preferrable  no-new-object
  Line 73:25:   The object literal notation {} is preferrable  no-new-object
  Line 95:26:   The object literal notation {} is preferrable  no-new-object
  Line 157:17:  The object literal notation {} is preferrable  no-new-object
  Line 191:31:  The array literal notation [] is preferable    no-array-constructor
  Line 206:19:  The array literal notation [] is preferable    no-array-constructor

Search for the keywords to learn more about each warning.
To ignore, add // eslint-disable-next-line to the line before.

Compiling...
Compiled successfully!
yarn run v1.22.19
$ react-scripts start
(node:3527) [DEP0148] DeprecationWarning: Use of deprecated folder mapping "./" in the "exports" field module resolution of the package at /repos/muckraker/frontend/node_modules/postcss-safe-parser/node_modules/postcss/package.json.
Update this package.json to use a subpath pattern like "./*".
(Use `node --trace-deprecation ...` to show where the warning was created)
[34mâ„¹[39m [90mï½¢wdsï½£[39m: Project is running at http://192.168.50.111/
[34mâ„¹[39m [90mï½¢wdsï½£[39m: webpack output is served from 
[34mâ„¹[39m [90mï½¢wdsï½£[39m: Content not from webpack is served from /repos/muckraker/frontend/public
[34mâ„¹[39m [90mï½¢wdsï½£[39m: 404s will fallback to /
Starting the development server...

Compiled with warnings.

src/App.js
  Line 1:8:  'logo' is defined but never used  no-unused-vars

src/components/LookupModule.js
  Line 111:5:   React Hook useEffect has a missing dependency: 'setStatesAfterDataHasLoaded'. Either include it or remove the dependency array  react-hooks/exhaustive-deps
  Line 130:34:  img elements must have an alt prop, either with meaningful text, or an empty string for decorative images                       jsx-a11y/alt-text

src/components/Spacer.js
  Line 6:7:   'drawerWidth' is assigned a value but never used  no-unused-vars
  Line 26:9:  'theme' is assigned a value but never used        no-unused-vars

src/components/TabMenu.js
  Line 1:17:   'useState' is defined but never used                  no-unused-vars
  Line 76:10:  'senators' is assigned a value but never used         no-unused-vars
  Line 77:10:  'representatives' is assigned a value but never used  no-unused-vars
  Line 78:10:  'senateVotes' is assigned a value but never used      no-unused-vars
  Line 79:10:  'houseVotes' is assigned a value but never used       no-unused-vars

src/components/VoteSearchBar.js
  Line 1:17:  'useState' is defined but never used  no-unused-vars

src/components/VoteSummary.js
  Line 33:21:  The object literal notation {} is preferrable  no-new-object
  Line 56:17:  The array literal notation [] is preferable    no-array-constructor

src/data/prepare_data.js
  Line 46:21:   The array literal notation [] is preferable    no-array-constructor
  Line 47:28:   The object literal notation {} is preferrable  no-new-object
  Line 50:25:   The object literal notation {} is preferrable  no-new-object
  Line 69:21:   The array literal notation [] is preferable    no-array-constructor
  Line 70:28:   The object literal notation {} is preferrable  no-new-object
  Line 73:25:   The object literal notation {} is preferrable  no-new-object
  Line 95:26:   The object literal notation {} is preferrable  no-new-object
  Line 157:17:  The object literal notation {} is preferrable  no-new-object
  Line 191:31:  The array literal notation [] is preferable    no-array-constructor
  Line 206:19:  The array literal notation [] is preferable    no-array-constructor

Search for the keywords to learn more about each warning.
To ignore, add // eslint-disable-next-line to the line before.

Compiling...
Compiled successfully!
Compiling...
Compiled successfully!
Compiling...
Compiled successfully!
yarn run v1.22.19
$ react-scripts start
(node:3776) [DEP0148] DeprecationWarning: Use of deprecated folder mapping "./" in the "exports" field module resolution of the package at /repos/muckraker/frontend/node_modules/postcss-safe-parser/node_modules/postcss/package.json.
Update this package.json to use a subpath pattern like "./*".
(Use `node --trace-deprecation ...` to show where the warning was created)
[34mâ„¹[39m [90mï½¢wdsï½£[39m: Project is running at http://192.168.50.111/
[34mâ„¹[39m [90mï½¢wdsï½£[39m: webpack output is served from 
[34mâ„¹[39m [90mï½¢wdsï½£[39m: Content not from webpack is served from /repos/muckraker/frontend/public
[34mâ„¹[39m [90mï½¢wdsï½£[39m: 404s will fallback to /
Starting the development server...

Compiled with warnings.

src/App.js
  Line 1:8:  'logo' is defined but never used  no-unused-vars

src/components/LookupModule.js
  Line 111:5:   React Hook useEffect has a missing dependency: 'setStatesAfterDataHasLoaded'. Either include it or remove the dependency array  react-hooks/exhaustive-deps
  Line 130:34:  img elements must have an alt prop, either with meaningful text, or an empty string for decorative images                       jsx-a11y/alt-text

src/components/Spacer.js
  Line 6:7:   'drawerWidth' is assigned a value but never used  no-unused-vars
  Line 26:9:  'theme' is assigned a value but never used        no-unused-vars

src/components/TabMenu.js
  Line 1:17:   'useState' is defined but never used                  no-unused-vars
  Line 76:10:  'senators' is assigned a value but never used         no-unused-vars
  Line 77:10:  'representatives' is assigned a value but never used  no-unused-vars
  Line 78:10:  'senateVotes' is assigned a value but never used      no-unused-vars
  Line 79:10:  'houseVotes' is assigned a value but never used       no-unused-vars

src/components/VoteSearchBar.js
  Line 1:17:  'useState' is defined but never used  no-unused-vars

src/components/VoteSummary.js
  Line 33:21:  The object literal notation {} is preferrable  no-new-object
  Line 56:17:  The array literal notation [] is preferable    no-array-constructor

src/data/prepare_data.js
  Line 46:21:   The array literal notation [] is preferable    no-array-constructor
  Line 47:28:   The object literal notation {} is preferrable  no-new-object
  Line 50:25:   The object literal notation {} is preferrable  no-new-object
  Line 69:21:   The array literal notation [] is preferable    no-array-constructor
  Line 70:28:   The object literal notation {} is preferrable  no-new-object
  Line 73:25:   The object literal notation {} is preferrable  no-new-object
  Line 95:26:   The object literal notation {} is preferrable  no-new-object
  Line 157:17:  The object literal notation {} is preferrable  no-new-object
  Line 191:31:  The array literal notation [] is preferable    no-array-constructor
  Line 206:19:  The array literal notation [] is preferable    no-array-constructor

Search for the keywords to learn more about each warning.
To ignore, add // eslint-disable-next-line to the line before.

yarn run v1.22.19
$ react-scripts start
(node:3853) [DEP0148] DeprecationWarning: Use of deprecated folder mapping "./" in the "exports" field module resolution of the package at /repos/muckraker/frontend/node_modules/postcss-safe-parser/node_modules/postcss/package.json.
Update this package.json to use a subpath pattern like "./*".
(Use `node --trace-deprecation ...` to show where the warning was created)
Something is already running on port 3000.
Done in 16.73s.
yarn run v1.22.19
$ react-scripts start
(node:3912) [DEP0148] DeprecationWarning: Use of deprecated folder mapping "./" in the "exports" field module resolution of the package at /repos/muckraker/frontend/node_modules/postcss-safe-parser/node_modules/postcss/package.json.
Update this package.json to use a subpath pattern like "./*".
(Use `node --trace-deprecation ...` to show where the warning was created)
[34mâ„¹[39m [90mï½¢wdsï½£[39m: Project is running at http://192.168.50.111/
[34mâ„¹[39m [90mï½¢wdsï½£[39m: webpack output is served from 
[34mâ„¹[39m [90mï½¢wdsï½£[39m: Content not from webpack is served from /repos/muckraker/frontend/public
[34mâ„¹[39m [90mï½¢wdsï½£[39m: 404s will fallback to /
Starting the development server...

Compiled with warnings.

src/App.js
  Line 1:8:  'logo' is defined but never used  no-unused-vars

src/components/LookupModule.js
  Line 111:5:   React Hook useEffect has a missing dependency: 'setStatesAfterDataHasLoaded'. Either include it or remove the dependency array  react-hooks/exhaustive-deps
  Line 130:34:  img elements must have an alt prop, either with meaningful text, or an empty string for decorative images                       jsx-a11y/alt-text

src/components/Spacer.js
  Line 6:7:   'drawerWidth' is assigned a value but never used  no-unused-vars
  Line 26:9:  'theme' is assigned a value but never used        no-unused-vars

src/components/TabMenu.js
  Line 1:17:   'useState' is defined but never used                  no-unused-vars
  Line 76:10:  'senators' is assigned a value but never used         no-unused-vars
  Line 77:10:  'representatives' is assigned a value but never used  no-unused-vars
  Line 78:10:  'senateVotes' is assigned a value but never used      no-unused-vars
  Line 79:10:  'houseVotes' is assigned a value but never used       no-unused-vars

src/components/VoteSearchBar.js
  Line 1:17:  'useState' is defined but never used  no-unused-vars

src/components/VoteSummary.js
  Line 33:21:  The object literal notation {} is preferrable  no-new-object
  Line 56:17:  The array literal notation [] is preferable    no-array-constructor

src/data/prepare_data.js
  Line 46:21:   The array literal notation [] is preferable    no-array-constructor
  Line 47:28:   The object literal notation {} is preferrable  no-new-object
  Line 50:25:   The object literal notation {} is preferrable  no-new-object
  Line 69:21:   The array literal notation [] is preferable    no-array-constructor
  Line 70:28:   The object literal notation {} is preferrable  no-new-object
  Line 73:25:   The object literal notation {} is preferrable  no-new-object
  Line 95:26:   The object literal notation {} is preferrable  no-new-object
  Line 157:17:  The object literal notation {} is preferrable  no-new-object
  Line 191:31:  The array literal notation [] is preferable    no-array-constructor
  Line 206:19:  The array literal notation [] is preferable    no-array-constructor

Search for the keywords to learn more about each warning.
To ignore, add // eslint-disable-next-line to the line before.

Compiling...
Compiled successfully!
yarn run v1.22.19
$ react-scripts start
(node:3990) [DEP0148] DeprecationWarning: Use of deprecated folder mapping "./" in the "exports" field module resolution of the package at /repos/muckraker/frontend/node_modules/postcss-safe-parser/node_modules/postcss/package.json.
Update this package.json to use a subpath pattern like "./*".
(Use `node --trace-deprecation ...` to show where the warning was created)
[34mâ„¹[39m [90mï½¢wdsï½£[39m: Project is running at http://192.168.50.111/
[34mâ„¹[39m [90mï½¢wdsï½£[39m: webpack output is served from 
[34mâ„¹[39m [90mï½¢wdsï½£[39m: Content not from webpack is served from /repos/muckraker/frontend/public
[34mâ„¹[39m [90mï½¢wdsï½£[39m: 404s will fallback to /
Starting the development server...

Compiled with warnings.

src/App.js
  Line 1:8:  'logo' is defined but never used  no-unused-vars

src/components/LookupModule.js
  Line 111:5:   React Hook useEffect has a missing dependency: 'setStatesAfterDataHasLoaded'. Either include it or remove the dependency array  react-hooks/exhaustive-deps
  Line 130:34:  img elements must have an alt prop, either with meaningful text, or an empty string for decorative images                       jsx-a11y/alt-text

src/components/Spacer.js
  Line 6:7:   'drawerWidth' is assigned a value but never used  no-unused-vars
  Line 26:9:  'theme' is assigned a value but never used        no-unused-vars

src/components/TabMenu.js
  Line 1:17:   'useState' is defined but never used                  no-unused-vars
  Line 76:10:  'senators' is assigned a value but never used         no-unused-vars
  Line 77:10:  'representatives' is assigned a value but never used  no-unused-vars
  Line 78:10:  'senateVotes' is assigned a value but never used      no-unused-vars
  Line 79:10:  'houseVotes' is assigned a value but never used       no-unused-vars

src/components/VoteSearchBar.js
  Line 1:17:  'useState' is defined but never used  no-unused-vars

src/components/VoteSummary.js
  Line 33:21:  The object literal notation {} is preferrable  no-new-object
  Line 56:17:  The array literal notation [] is preferable    no-array-constructor

src/data/prepare_data.js
  Line 46:21:   The array literal notation [] is preferable    no-array-constructor
  Line 47:28:   The object literal notation {} is preferrable  no-new-object
  Line 50:25:   The object literal notation {} is preferrable  no-new-object
  Line 69:21:   The array literal notation [] is preferable    no-array-constructor
  Line 70:28:   The object literal notation {} is preferrable  no-new-object
  Line 73:25:   The object literal notation {} is preferrable  no-new-object
  Line 95:26:   The object literal notation {} is preferrable  no-new-object
  Line 157:17:  The object literal notation {} is preferrable  no-new-object
  Line 191:31:  The array literal notation [] is preferable    no-array-constructor
  Line 206:19:  The array literal notation [] is preferable    no-array-constructor

Search for the keywords to learn more about each warning.
To ignore, add // eslint-disable-next-line to the line before.

Compiling...
Compiled successfully!
Compiling...
Compiled successfully!
Failed to compile.

./src/components/Introduction.js
Error: ENOENT: no such file or directory, open '/repos/muckraker/frontend/src/components/Introduction.js'
Compiling...
Failed to compile.

src/components/Introduction.js
  Line 78:30:  'Hammer' is not defined  no-undef

Search for the keywords to learn more about each error.
yarn run v1.22.19
$ react-scripts start
yarn run v1.22.19
$ react-scripts start
(node:4476) [DEP0148] DeprecationWarning: Use of deprecated folder mapping "./" in the "exports" field module resolution of the package at /repos/muckraker/frontend/node_modules/postcss-safe-parser/node_modules/postcss/package.json.
Update this package.json to use a subpath pattern like "./*".
(Use `node --trace-deprecation ...` to show where the warning was created)
[34mâ„¹[39m [90mï½¢wdsï½£[39m: Project is running at http://192.168.50.111/
[34mâ„¹[39m [90mï½¢wdsï½£[39m: webpack output is served from 
[34mâ„¹[39m [90mï½¢wdsï½£[39m: Content not from webpack is served from /repos/muckraker/frontend/public
[34mâ„¹[39m [90mï½¢wdsï½£[39m: 404s will fallback to /
Starting the development server...

Failed to compile.

src/components/Introduction.js
  Line 78:30:  'Hammer' is not defined  no-undef

Search for the keywords to learn more about each error.
Compiling...
Compiled successfully!
Compiling...
Compiled successfully!
Compiling...
Compiled with warnings.

src/components/Introduction.js
  Line 27:8:  React Hook useEffect has missing dependencies: 'createButtonListener' and 'initCards'. Either include them or remove the dependency array  react-hooks/exhaustive-deps

Search for the keywords to learn more about each warning.
To ignore, add // eslint-disable-next-line to the line before.

Compiling...
Failed to compile.

./src/components/Introduction.css (./node_modules/css-loader/dist/cjs.js??ref--5-oneOf-4-1!./node_modules/postcss-loader/src??postcss!./src/components/Introduction.css)
Syntax error: Unclosed block (163:1)

  161 | }
  162 | 
> 163 | .tags a:hover {
      | ^
  164 |     background: linear-gradient(90deg,#ff8a00,#e52e71);
  165 |     text-shadow: none;
Compiling...
Compiled successfully!
Compiling...
Compiled successfully!
Compiling...
Compiled successfully!
Compiling...
Compiled successfully!
Compiling...
Compiled successfully!
Compiling...
Compiled successfully!
Failed to compile.

./src/components/Introduction.js
Error: ENOENT: no such file or directory, open '/repos/muckraker/frontend/src/components/Introduction.js'
Compiling...
Compiled with warnings.

src/components/Introduction.js
  Line 31:6:  React Hook useEffect has a missing dependency: 'initHammer'. Either include it or remove the dependency array  react-hooks/exhaustive-deps

Search for the keywords to learn more about each warning.
To ignore, add // eslint-disable-next-line to the line before.

Compiling...
Compiled with warnings.

src/components/Introduction.js
  Line 21:6:  React Hook useEffect has a missing dependency: 'createButtonListener'. Either include it or remove the dependency array  react-hooks/exhaustive-deps
  Line 31:6:  React Hook useEffect has a missing dependency: 'initHammer'. Either include it or remove the dependency array            react-hooks/exhaustive-deps

Search for the keywords to learn more about each warning.
To ignore, add // eslint-disable-next-line to the line before.

Compiling...
Compiled with warnings.

src/components/Introduction.js
  Line 22:6:  React Hook useEffect has a missing dependency: 'createButtonListener'. Either include it or remove the dependency array  react-hooks/exhaustive-deps
  Line 32:6:  React Hook useEffect has a missing dependency: 'initHammer'. Either include it or remove the dependency array            react-hooks/exhaustive-deps

Search for the keywords to learn more about each warning.
To ignore, add // eslint-disable-next-line to the line before.

